{"name":"home","width":375,"status":200,"overflow":0,"errors":0,"failed":0}
{"name":"start-here","width":375,"status":200,"overflow":0,"errors":0,"failed":0}
{"name":"pathways","width":375,"status":200,"overflow":0,"errors":0,"failed":0}
{"name":"pain","width":375,"status":200,"overflow":0,"errors":0,"failed":0}
{"name":"performance","width":375,"status":200,"overflow":0,"errors":0,"failed":0}
{"name":"prevention","width":375,"status":200,"overflow":0,"errors":0,"failed":0}
{"name":"functional","width":375,"status":200,"overflow":0,"errors":0,"failed":0}
{"name":"chiropractic","width":375,"status":200,"overflow":0,"errors":0,"failed":0}
{"name":"golf","width":375,"status":200,"overflow":0,"errors":0,"failed":0}
{"name":"massage","width":375,"status":200,"overflow":0,"errors":0,"failed":0}
{"name":"scar","width":375,"status":200,"overflow":0,"errors":0,"failed":0}
{"name":"holobiome","width":375,"status":200,"overflow":0,"errors":0,"failed":0}
{"name":"labs","width":375,"status":200,"overflow":0,"errors":0,"failed":0}
{"name":"about","width":375,"status":200,"overflow":0,"errors":0,"failed":0}
{"name":"team","width":375,"status":200,"overflow":0,"errors":0,"failed":0}
{"name":"jenn","width":375,"status":200,"overflow":0,"errors":0,"failed":0}
{"name":"irene","width":375,"status":200,"overflow":0,"errors":0,"failed":0}
{"name":"amie","width":375,"status":200,"overflow":0,"errors":0,"failed":0}
{"name":"resources","width":375,"status":200,"overflow":0,"errors":0,"failed":0}
{"name":"article","width":375,"status":200,"overflow":0,"errors":0,"failed":0}
{"name":"providers","width":375,"status":200,"overflow":0,"errors":0,"failed":0}
{"name":"book","width":375,"status":200,"overflow":0,"errors":0,"failed":0}
{"name":"faq","width":375,"status":200,"overflow":0,"errors":0,"failed":0}
{"name":"legal","width":375,"status":200,"overflow":0,"errors":0,"failed":0}
{"name":"not-found","width":375,"status":404,"overflow":0,"errors":0,"failed":0}
{"name":"home","width":768,"status":200,"overflow":0,"errors":0,"failed":0}
{"name":"start-here","width":768,"status":200,"overflow":0,"errors":0,"failed":0}
{"name":"pathways","width":768,"status":200,"overflow":0,"errors":0,"failed":0}
{"name":"pain","width":768,"status":200,"overflow":0,"errors":0,"failed":0}
{"name":"performance","width":768,"status":200,"overflow":0,"errors":0,"failed":0}
{"name":"prevention","width":768,"status":200,"overflow":0,"errors":0,"failed":0}
{"name":"functional","width":768,"status":200,"overflow":0,"errors":0,"failed":0}
{"name":"chiropractic","width":768,"status":200,"overflow":0,"errors":0,"failed":0}
{"name":"golf","width":768,"status":200,"overflow":0,"errors":0,"failed":0}
{"name":"massage","width":768,"status":200,"overflow":0,"errors":0,"failed":0}
{"name":"scar","width":768,"status":200,"overflow":0,"errors":0,"failed":0}
{"name":"holobiome","width":768,"status":200,"overflow":0,"errors":0,"failed":0}
{"name":"labs","width":768,"status":200,"overflow":0,"errors":0,"failed":0}
{"name":"about","width":768,"status":200,"overflow":0,"errors":0,"failed":0}
{"name":"team","width":768,"status":200,"overflow":0,"errors":0,"failed":0}
{"name":"jenn","width":768,"status":200,"overflow":0,"errors":0,"failed":0}
{"name":"irene","width":768,"status":200,"overflow":0,"errors":0,"failed":0}
{"name":"amie","width":768,"status":200,"overflow":0,"errors":0,"failed":0}
{"name":"resources","width":768,"status":200,"overflow":0,"errors":0,"failed":0}
{"name":"article","width":768,"status":200,"overflow":0,"errors":0,"failed":0}
{"name":"providers","width":768,"status":200,"overflow":0,"errors":0,"failed":0}
{"name":"book","width":768,"status":200,"overflow":0,"errors":0,"failed":0}
{"name":"faq","width":768,"status":200,"overflow":0,"errors":0,"failed":0}
{"name":"legal","width":768,"status":200,"overflow":0,"errors":0,"failed":0}
{"name":"not-found","width":768,"status":404,"overflow":0,"errors":0,"failed":0}
{"name":"home","width":1280,"status":200,"overflow":0,"errors":0,"failed":0}
{"name":"start-here","width":1280,"status":200,"overflow":0,"errors":0,"failed":0}
{"name":"pathways","width":1280,"status":200,"overflow":0,"errors":0,"failed":0}
{"name":"pain","width":1280,"status":200,"overflow":0,"errors":0,"failed":0}
{"name":"performance","width":1280,"status":200,"overflow":0,"errors":0,"failed":0}
{"name":"prevention","width":1280,"status":200,"overflow":0,"errors":0,"failed":0}
{"name":"functional","width":1280,"status":200,"overflow":0,"errors":0,"failed":0}
{"name":"chiropractic","width":1280,"status":200,"overflow":0,"errors":0,"failed":0}
{"name":"golf","width":1280,"status":200,"overflow":0,"errors":0,"failed":0}
{"name":"massage","width":1280,"status":200,"overflow":0,"errors":0,"failed":0}
{"name":"scar","width":1280,"status":200,"overflow":0,"errors":0,"failed":0}
{"name":"holobiome","width":1280,"status":200,"overflow":0,"errors":0,"failed":0}
{"name":"labs","width":1280,"status":200,"overflow":0,"errors":0,"failed":0}
{"name":"about","width":1280,"status":200,"overflow":0,"errors":0,"failed":0}
{"name":"team","width":1280,"status":200,"overflow":0,"errors":0,"failed":0}
{"name":"jenn","width":1280,"status":200,"overflow":0,"errors":0,"failed":0}
{"name":"irene","width":1280,"status":200,"overflow":0,"errors":0,"failed":0}
{"name":"amie","width":1280,"status":200,"overflow":0,"errors":0,"failed":0}
{"name":"resources","width":1280,"status":200,"overflow":0,"errors":0,"failed":0}
{"name":"article","width":1280,"status":200,"overflow":0,"errors":0,"failed":0}
{"name":"providers","width":1280,"status":200,"overflow":0,"errors":0,"failed":0}
{"name":"book","width":1280,"status":200,"overflow":0,"errors":0,"failed":0}
{"name":"faq","width":1280,"status":200,"overflow":0,"errors":0,"failed":0}
{"name":"legal","width":1280,"status":200,"overflow":0,"errors":0,"failed":0}
{"name":"not-found","width":1280,"status":404,"overflow":0,"errors":0,"failed":0}
{"name":"home","width":1600,"status":200,"overflow":0,"errors":0,"failed":0}
{"name":"start-here","width":1600,"status":200,"overflow":0,"errors":0,"failed":0}
{"name":"pathways","width":1600,"status":200,"overflow":0,"errors":0,"failed":0}
{"name":"pain","width":1600,"status":200,"overflow":0,"errors":0,"failed":0}
{"name":"performance","width":1600,"status":200,"overflow":0,"errors":0,"failed":0}
{"name":"prevention","width":1600,"status":200,"overflow":0,"errors":0,"failed":0}
{"name":"functional","width":1600,"status":200,"overflow":0,"errors":0,"failed":0}
{"name":"chiropractic","width":1600,"status":200,"overflow":0,"errors":0,"failed":0}
{"name":"golf","width":1600,"status":200,"overflow":0,"errors":0,"failed":0}
{"name":"massage","width":1600,"status":200,"overflow":0,"errors":0,"failed":0}
{"name":"scar","width":1600,"status":200,"overflow":0,"errors":0,"failed":0}
{"name":"holobiome","width":1600,"status":200,"overflow":0,"errors":0,"failed":0}
{"name":"labs","width":1600,"status":200,"overflow":0,"errors":0,"failed":0}
{"name":"about","width":1600,"status":200,"overflow":0,"errors":0,"failed":0}
{"name":"team","width":1600,"status":200,"overflow":0,"errors":0,"failed":0}
{"name":"jenn","width":1600,"status":200,"overflow":0,"errors":0,"failed":0}
{"name":"irene","width":1600,"status":200,"overflow":0,"errors":0,"failed":0}
{"name":"amie","width":1600,"status":200,"overflow":0,"errors":0,"failed":0}
{"name":"resources","width":1600,"status":200,"overflow":0,"errors":0,"failed":0}
{"name":"article","width":1600,"status":200,"overflow":0,"errors":0,"failed":0}
{"name":"providers","width":1600,"status":200,"overflow":0,"errors":0,"failed":0}
{"name":"book","width":1600,"status":200,"overflow":0,"errors":0,"failed":0}
{"name":"faq","width":1600,"status":200,"overflow":0,"errors":0,"failed":0}
{"name":"legal","width":1600,"status":200,"overflow":0,"errors":0,"failed":0}
{"name":"not-found","width":1600,"status":404,"overflow":0,"errors":0,"failed":0}
